2026-06-11 01:48:39 | INFO     | info:57 | [Round 1] Decision: Call enterprise_systems
2026-06-11 01:48:39 | INFO     | info:57 | [Round 1] Search: engine=enterprise_systems, query={}
2026-06-11 01:48:39 | INFO     | info:57 | [Round 1] Decision: Call database_search
2026-06-11 01:48:39 | INFO     | info:57 | [Round 1] Search: engine=database_search, query={"query": "张伟", "table": "employees"}
2026-06-11 01:48:42 | INFO     | info:57 | [Round 2] Decision: Call database_schema
2026-06-11 01:48:42 | INFO     | info:57 | [Round 2] Search: engine=database_schema, query={}
2026-06-11 01:48:45 | INFO     | info:57 | [Round 3] Decision: Call database_search
2026-06-11 01:48:45 | INFO     | info:57 | [Round 3] Search: engine=database_search, query={"query": "张伟", "table": "employees"}
2026-06-11 01:48:48 | INFO     | info:57 | [Round 4] Decision: Call enterprise_call
2026-06-11 01:48:48 | INFO     | info:57 | [Round 4] Search: engine=enterprise_call, query={"action": "search_employees", "params": {"keyword": "张伟"}, "system": "hr"}
2026-06-11 01:48:52 | INFO     | info:57 | [Round 5] Decision: Call database_search
2026-06-11 01:48:52 | INFO     | info:57 | [Round 5] Search: engine=database_search, query={"query": "张伟", "table": "contracts"}
2026-06-11 01:48:56 | INFO     | info:57 | [Round 6] Decision: Call database_sql
2026-06-11 01:48:56 | INFO     | info:57 | [Round 6] Search: engine=database_sql, query={"sql": "SELECT * FROM contracts WHERE responsible_person = '张伟' AND sign_date >= '2026-06-01' AND sign_date <= '2026-06-30'"}
2026-06-11 01:48:59 | INFO     | info:57 | [Round 7] Decision: Call database_sql
2026-06-11 01:48:59 | INFO     | info:57 | [Round 7] Search: engine=database_sql, query={"sql": "SELECT name FROM sqlite_master WHERE type='table'"}
2026-06-11 01:49:02 | INFO     | info:57 | [Round 8] Decision: Call vector_search
2026-06-11 01:49:13 | INFO     | info:57 | [Round 8] Search: engine=vector_search, query={"query": "张伟 销售额", "n_results": 5}
2026-06-11 01:49:17 | INFO     | info:57 | [Round 9] Decision: Call keyword_search
2026-06-11 01:49:17 | INFO     | info:57 | [Round 9] Search: engine=keyword_search, query={"query": "张伟 销售", "limit": 10}
2026-06-11 01:49:22 | INFO     | info:57 | [Round 10] Decision: Call database_sql
2026-06-11 01:49:22 | INFO     | info:57 | [Round 10] Search: engine=database_sql, query={"sql": "SELECT * FROM projects WHERE lead = '张伟'"}
2026-06-11 01:49:25 | INFO     | info:57 | [Round 11] Decision: Call database_sql
2026-06-11 01:49:25 | INFO     | info:57 | [Round 11] Search: engine=database_sql, query={"sql": "SELECT * FROM employees WHERE name = '张伟'"}
2026-06-11 01:49:33 | INFO     | info:57 | [Final] Answer after 12 rounds
